******************************************************************************
                  TI ARM Linker PC v20.2.7                     
******************************************************************************
>> Linked Wed Apr 22 22:33:59 2026

OUTPUT FILE NAME:   <PACMAN.out>
ENTRY POINT SYMBOL: "_c_int00_noargs"  address: 000016e9


MEMORY CONFIGURATION

         name            origin    length      used     unused   attr    fill
----------------------  --------  ---------  --------  --------  ----  --------
  FLASH                 00000000   00040000  000018cc  0003e734  R  X
  SRAM                  20000000   00008000  00000a71  0000758f  RW X


SEGMENT ALLOCATION MAP

run origin  load origin   length   init length attrs members
----------  ----------- ---------- ----------- ----- -------
00000000    00000000    000018cc   000018cc    r-x
  00000000    00000000    0000027c   0000027c    r-- .intvecs
  0000027c    0000027c    000014cc   000014cc    r-x .text
  00001748    00001748    00000184   00000184    r-- .cinit
20000000    20000000    00000a78   00000000    rw-
  20000000    20000000    00000871   00000000    rw- .data
  20000878    20000878    00000200   00000000    rw- .stack


SECTION ALLOCATION MAP

 output                                  attributes/
section   page    origin      length       input sections
--------  ----  ----------  ----------   ----------------
.intvecs   0    00000000    0000027c     
                  00000000    0000027c     tm4c123gh6pm_startup_ccs.obj (.intvecs)

.text      0    0000027c    000014cc     
                  0000027c    000011b4     pacman_main.obj (.text)
                  00001430    00000170     pacman_library.obj (.text)
                  000015a0    0000009c     rtsv7M4_T_le_v4SPD16_eabi.lib : memcpy_t2.asm.obj (.text)
                  0000163c    00000068                                   : copy_decompress_lzss.c.obj (.text:decompress:lzss:__TI_decompress_lzss)
                  000016a4    00000044                                   : autoinit.c.obj (.text:__TI_auto_init_nobinit_nopinit:__TI_auto_init_nobinit_nopinit)
                  000016e8    00000034                                   : boot_cortex_m.c.obj (.text:_c_int00_noargs:_c_int00_noargs)
                  0000171c    0000000e                                   : copy_decompress_none.c.obj (.text:decompress:none:__TI_decompress_none)
                  0000172a    0000000c     tm4c123gh6pm_startup_ccs.obj (.text)
                  00001736    0000000a     pacman_wrapper.obj (.text)
                  00001740    00000004     rtsv7M4_T_le_v4SPD16_eabi.lib : pre_init.c.obj (.text:_system_pre_init)
                  00001744    00000004                                   : exit.c.obj (.text:abort:abort)

.cinit     0    00001748    00000184     
                  00001748    00000171     (.cinit..data.load) [load image, compression = lzss]
                  000018b9    00000003     --HOLE-- [fill = 0]
                  000018bc    00000008     (__TI_handler_table)
                  000018c4    00000008     (__TI_cinit_table)

.init_array 
*          0    00000000    00000000     UNINITIALIZED

.data      0    20000000    00000871     UNINITIALIZED
                  20000000    00000871     pacman_main.obj (.data)

.stack     0    20000878    00000200     UNINITIALIZED
                  20000878    00000004     rtsv7M4_T_le_v4SPD16_eabi.lib : boot_cortex_m.c.obj (.stack)
                  2000087c    000001fc     --HOLE--

__llvm_prf_cnts 
*          0    20000000    00000000     UNINITIALIZED

MODULE SUMMARY

       Module                         code   ro data   rw data
       ------                         ----   -------   -------
    .\
       pacman_main.obj                4532   0         2161   
       tm4c123gh6pm_startup_ccs.obj   12     636       0      
       pacman_library.obj             368    0         0      
       pacman_wrapper.obj             10     0         0      
    +--+------------------------------+------+---------+---------+
       Total:                         4922   636       2161   
                                                              
    C:\ti\ccs1281\ccs\tools\compiler\ti-cgt-arm_20.2.7.LTS\lib\rtsv7M4_T_le_v4SPD16_eabi.lib
       memcpy_t2.asm.obj              156    0         0      
       copy_decompress_lzss.c.obj     104    0         0      
       autoinit.c.obj                 68     0         0      
       boot_cortex_m.c.obj            52     0         0      
       copy_decompress_none.c.obj     14     0         0      
       exit.c.obj                     4      0         0      
       pre_init.c.obj                 4      0         0      
    +--+------------------------------+------+---------+---------+
       Total:                         402    0         0      
                                                              
       Stack:                         0      0         512    
       Linker Generated:              0      385       0      
    +--+------------------------------+------+---------+---------+
       Grand Total:                   5324   1021      2673   


LINKER GENERATED COPY TABLES

__TI_cinit_table @ 000018c4 records: 1, size/record: 8, table size: 8
	.data: load addr=00001748, load size=00000171 bytes, run addr=20000000, run size=00000871 bytes, compression=lzss


LINKER GENERATED HANDLER TABLE

__TI_handler_table @ 000018bc records: 2, size/record: 4, table size: 8
	index: 0, handler: __TI_decompress_lzss
	index: 1, handler: __TI_decompress_none


GLOBAL SYMBOLS: SORTED ALPHABETICALLY BY Name 

address   name                          
-------   ----                          
00001745  C$$EXIT                       
0000172b  ResetISR                      
00001007  Switch_Handler                
00000993  Timer_Handler                 
000010b7  UART0_Handler                 
20000a78  __STACK_END                   
00000200  __STACK_SIZE                  
20000a78  __STACK_TOP                   
000018c4  __TI_CINIT_Base               
000018cc  __TI_CINIT_Limit              
000018bc  __TI_Handler_Table_Base       
000018c4  __TI_Handler_Table_Limit      
000016a5  __TI_auto_init_nobinit_nopinit
0000163d  __TI_decompress_lzss          
0000171d  __TI_decompress_none          
ffffffff  __TI_pprof_out_hndl           
ffffffff  __TI_prof_data_size           
ffffffff  __TI_prof_data_start          
00000000  __TI_static_base__            
000015a1  __aeabi_memcpy                
000015a1  __aeabi_memcpy4               
000015a1  __aeabi_memcpy8               
ffffffff  __binit__                     
ffffffff  __c_args__                    
UNDEFED   __mpu_init                    
20000878  __stack                       
20000000  __start___llvm_prf_cnts       
20000000  __stop___llvm_prf_cnts        
000016e9  _c_int00_noargs               
UNDEFED   _system_post_cinit            
00001741  _system_pre_init              
00001745  abort                         
ffffffff  binit                         
00000000  g_pfnVectors                  
0000157b  illuminate_LED                
00001559  illuminate_RGB_LED            
00001737  main                          
000015a1  memcpy                        
000014d1  output_character              
000014ef  output_string                 
0000032d  pacman                        
00001523  read_string                   
0000150f  simple_read_character         
00001431  uart_init                     


GLOBAL SYMBOLS: SORTED BY Symbol Address 

address   name                          
-------   ----                          
00000000  __TI_static_base__            
00000000  g_pfnVectors                  
00000200  __STACK_SIZE                  
0000032d  pacman                        
00000993  Timer_Handler                 
00001007  Switch_Handler                
000010b7  UART0_Handler                 
00001431  uart_init                     
000014d1  output_character              
000014ef  output_string                 
0000150f  simple_read_character         
00001523  read_string                   
00001559  illuminate_RGB_LED            
0000157b  illuminate_LED                
000015a1  __aeabi_memcpy                
000015a1  __aeabi_memcpy4               
000015a1  __aeabi_memcpy8               
000015a1  memcpy                        
0000163d  __TI_decompress_lzss          
000016a5  __TI_auto_init_nobinit_nopinit
000016e9  _c_int00_noargs               
0000171d  __TI_decompress_none          
0000172b  ResetISR                      
00001737  main                          
00001741  _system_pre_init              
00001745  C$$EXIT                       
00001745  abort                         
000018bc  __TI_Handler_Table_Base       
000018c4  __TI_CINIT_Base               
000018c4  __TI_Handler_Table_Limit      
000018cc  __TI_CINIT_Limit              
20000000  __start___llvm_prf_cnts       
20000000  __stop___llvm_prf_cnts        
20000878  __stack                       
20000a78  __STACK_END                   
20000a78  __STACK_TOP                   
ffffffff  __TI_pprof_out_hndl           
ffffffff  __TI_prof_data_size           
ffffffff  __TI_prof_data_start          
ffffffff  __binit__                     
ffffffff  __c_args__                    
ffffffff  binit                         
UNDEFED   __mpu_init                    
UNDEFED   _system_post_cinit            

[44 symbols]
